-a- type: 3

-a- type: 3
-|- type: 4
-a- type: 3

-a- type: 3
-|- type: 4
-a- type: 3

-a- type: 3
-|- type: 3
-a- type: 3

-a- type: 3
->- type: 4
-a- type: 3

-a- type: 3
->- type: 4
-a- type: 3

-a- type: 3
->- type: 3
-a- type: 3

-a- type: 3
->>- type: 4
-a- type: 3

-a- type: 3
->>- type: 4
-a- type: 3

-a- type: 3
->>- type: 3
-a- type: 3

-- type: 3
-- type: 3
-- type: 3

-hallo- type: 3
-hallo- type: 3
-- type: 3

-13- type: 3
-asd$?fasdf- type: 3
-dsfasdfbla13- type: 3
-- type: 3

-test_shell_split.c- type: 3

