-bla asf- type: 3
-een- type: 3
-twee- type: 3
-drie- type: 3
-vier- type: 3
-vijf- type: 3
-blie bloe- type: 3

-bla asf- type: 3
-een- type: 3
-twee- type: 3
-drie- type: 3
-vier- type: 3
-vijf- type: 3
-blie- type: 3
-bloe- type: 3

