-*$BLA- type: 3

-*hoi- type: 3

-$BLA*- type: 3

-hoi*- type: 3

